a models/cube_collision.gltf 5 3 0 textures/car01.jpg
m models/cube_collision.gltf 1 5 0 textures/character2.jpg 


m models/pavon_the_game/police.gltf 0 5 0 textures/character2.jpg player
m models/pavon_the_game/police_patrol.gltf 2 -5 0 textures/car01.jpg
m models/pavon_the_game/lince.gltf -10 13 0 textures/pavon_the_game/lince.png 


m models/skydome.gltf 0 0 0 textures/skydome.jpg
m models/pavon_the_game/terrain.gltf 0 0 0 textures/pavon_the_game/grass03.png
m models/pavon_the_game/building_front.gltf 0 0 0 textures/building01.jpg
m models/pavon_the_game/road_plus_border_coast.gltf 0 0 0 textures/pavon_the_game/modules_coust.png
m models/pavon_the_game/back_bulding.gltf 0 0 0 textures/pavon_the_game/bakcbuilding02.png


m models/pavon_the_game/police_patrol.gltf 0 12 0 textures/car01.jpg

m models/pavon_the_game/police_patrol.gltf 5 5 0 textures/car01.jpg
m models/pavon_the_game/police_patrol.gltf 3 -6 0 textures/car01.jpg
m models/pavon_the_game/police_patrolLOD3.gltf -8 -6 0 textures/car01.jpg



#s models/skinned.gltf 0 0 0 textures/car01.jpg
s models/pavon_the_game/fireman.gltf 0 0 1 textures/pavon_the_game/fireman.png




#c models/pavon_the_game/mercedes_benz_sprinter.gltf 0 -10 0
#c models/pavon_the_game/mercedes_benz_sprinter.gltf 0 -10 0
#c models/pavon_the_game/mercedes_benz_sprinter.gltf 0 -10 0
#c models/triangle.gltf -2 -5 0
